[www.google.com/intl/en_in/earth/index.html]
[backblue.gif]
[fade.gif]
[index.html]
[www.google.com/js/gweb/analytics/autotrack.js]
[ajax.googleapis.com/ajax/libs/angularjs/1.6.5/angular.min.js]
[www.google.com/intl/en_us/earth/assets/static/js/main-524362abcbdfdde90d96b862cba7a44a69d39f17794d25d9535f8c117cb7850a.min.js]
[www.google.com/intl/en_us/earth/assets/static/images/overview/overview__hero__desktop-image-3.jpg]
[www.google.com/intl/en_in/earth/resources/index.html]
[www.google.com/intl/en_in/earth/versions/index.html]
[www.google.com/intl/en_us/earth/assets/static/images/overview/overview__hero__desktop-image-1.jpg]
[www.google.com/intl/en_us/earth/assets/static/images/overview/overview__hero__desktop-image-2.jpg]
[www.google.com/intl/en_us/earth/assets/static/images/studio_video_mobile_poster.png]
[www.google.com/intl/en_us/earth/assets/static/images/overview/overview__explore__desktop-image.v2.png]
[www.google.com/intl/en_us/earth/assets/static/images/overview/overview__explore__mobile-image.jpg]
[www.google.com/intl/en_us/earth/assets/static/images/2019-cs-promo/overview__discover__tile-carmen-sandiego.desktop.jpg]
[www.google.com/intl/en_us/earth/assets/static/images/2019-cs-promo/overview__discover__tile-carmen-sandiego.mobile.jpg]
[www.google.com/intl/en_us/earth/assets/static/images/overview/overview__discover__tile-1.desktop.jpg]
[www.google.com/intl/en_us/earth/assets/static/images/overview/overview__discover__tile-1.mobile.jpg]
[www.google.com/intl/en_us/earth/assets/static/images/overview/overview__discover__tile-2.desktop.jpg]
[www.google.com/intl/en_us/earth/assets/static/images/overview/overview__discover__tile-2.mobile.jpg]
[www.google.com/intl/en_us/earth/assets/static/images/overview/overview__discover__tile-4.desktop.jpg]
[www.google.com/intl/en_us/earth/assets/static/images/overview/overview__discover__tile-4.mobile.jpg]
[www.google.com/intl/en_us/earth/assets/static/images/overview/overview__discover__tile-3.desktop.jpg]
[www.google.com/intl/en_us/earth/assets/static/images/overview/overview__discover__tile-3.mobile.jpg]
[www.google.com/intl/en_us/earth/assets/static/images/overview/overview__carousel__video-image-4.jpg]
[www.google.com/intl/en_us/earth/assets/static/images/overview/overview__carousel__video-image-1.jpg]
[www.google.com/intl/en_us/earth/assets/static/images/overview/overview__carousel__video-image-2.jpg]
[www.google.com/intl/en_us/earth/assets/static/images/overview/overview__carousel__video-image-3.jpg]
[www.google.com/intl/en_us/earth/assets/static/images/overview/overview__get-started__desktop-image.jpg]
[www.google.com/intl/en_us/earth/assets/static/images/overview/overview__get-started__mobile-image.jpg]
[www.google.com/intl/en_in/earth/index.html]
[gweb-earth.storage.googleapis.com/assets/google_earth_banner.jpg]
[www.google.com/intl/en_us/earth/assets/static/images/2019-cs-promo/jump/Carmen_Jump_Off_Ledge_01.png]
[www.google.com/intl/en_us/earth/assets/static/images/2019-cs-promo/jump/Carmen_Jump_Off_Ledge_02.png]
[www.google.com/intl/en_us/earth/assets/static/images/2019-cs-promo/jump/Carmen_Jump_Off_Ledge_03.png]
[www.google.com/intl/en_us/earth/assets/static/images/2019-cs-promo/jump/Carmen_Jump_Off_Ledge_04.png]
[www.google.com/intl/en_us/earth/assets/static/images/2019-cs-promo/jump/Carmen_Jump_Off_Ledge_05.png]
[www.google.com/intl/en_us/earth/assets/static/images/2019-cs-promo/jump/Carmen_Jump_Off_Ledge_06.png]
[www.google.com/intl/en_us/earth/assets/static/images/2019-cs-promo/jump/Carmen_Jump_Off_Ledge_07.png]
[www.google.com/intl/en_us/earth/assets/static/images/2019-cs-promo/jump/Carmen_Jump_Off_Ledge_08.png]
[www.google.com/intl/en_us/earth/assets/static/images/2019-cs-promo/jump/Carmen_Jump_Off_Ledge_09.png]
[www.google.com/intl/en_us/earth/assets/static/images/2019-cs-promo/jump/Carmen_Jump_Off_Ledge_10.png]
[www.google.com/intl/en_us/earth/assets/static/images/2019-cs-promo/jump/Carmen_Jump_Off_Ledge_11.png]
[www.google.com/intl/en_us/earth/assets/static/images/2019-cs-promo/jump/Carmen_Jump_Off_Ledge_12.png]
[www.google.com/intl/en_us/earth/assets/static/images/2019-cs-promo/jump/Carmen_Jump_Off_Ledge_13.png]
[www.google.com/intl/en_us/earth/assets/static/images/2019-cs-promo/jump/Carmen_Jump_Off_Ledge_14.png]
[www.google.com/intl/en_us/earth/assets/static/images/2019-cs-promo/jump/Carmen_Jump_Off_Ledge_15.png]
[www.google.com/intl/en_us/earth/assets/static/images/2019-cs-promo/jump/Carmen_Jump_Off_Ledge_16.png]
[www.google.com/intl/en_us/earth/assets/static/images/2019-cs-promo/jump/Carmen_Jump_Off_Ledge_17.png]
[www.google.com/intl/en_us/earth/assets/static/images/2019-cs-promo/jump/Carmen_Jump_Off_Ledge_18.png]
[www.google.com/intl/en_us/earth/assets/static/images/2019-cs-promo/jump/Carmen_Jump_Off_Ledge_19.png]
[www.google.com/intl/en_us/earth/assets/static/images/2019-cs-promo/jump/Carmen_Jump_Off_Ledge_20.png]
[www.google.com/intl/en_us/earth/assets/static/images/2019-cs-promo/jump/Carmen_Jump_Off_Ledge_21.png]
[www.google.com/intl/en_us/earth/assets/static/images/2019-cs-promo/jump/Carmen_Jump_Off_Ledge_22.png]
[www.google.com/intl/en_us/earth/assets/static/images/2019-cs-promo/jump/Carmen_Jump_Off_Ledge_23.png]
[www.google.com/intl/en_us/earth/assets/static/images/2019-cs-promo/jump/Carmen_Jump_Off_Ledge_24.png]
[www.google.com/intl/en_us/earth/assets/static/images/2019-cs-promo/jump/Carmen_Jump_Off_Ledge_25.png]
[www.google.com/intl/en_us/earth/assets/static/images/2019-cs-promo/jump/Carmen_Jump_Off_Ledge_26.png]
[www.google.com/intl/en_us/earth/assets/static/images/2019-cs-promo/jump/Carmen_Jump_Off_Ledge_27.png]
[www.google.com/intl/en_us/earth/assets/static/images/2019-cs-promo/jump/Carmen_Jump_Off_Ledge_28.png]
[www.google.com/intl/en_us/earth/assets/static/css/main-3d48fa2a50f91e28b76184bb316e2a2879ea5bba791882eac539485a2c27e81d.min.css]
[www.google.com/intl/en_in/earth/versions/index.html]
[www.google.com/intl/en_in/earth/resources/index.html]
[www.google.com/intl/en_in/earth/versions/download-thank-you/index.html]
[www.google.com/intl/en_in/earth/versions/download-thank-you/index.html]
